--skip=1: skipping first 1 trial(s) that were already completed
Total trials: 35
Estimated wall-clock: ~4.7 hours

[2/36] evolutionary       obs=partial_0.3  seed=0 gens=10 | -m experiments.main --run evolutionary --observability partial_0.3 --population 15 --generations 10 --rounds 30 --seeds 1 --output results/exp1_method/partial_0.3_seed0
  -> OK in 468.7s
[3/36] evolutionary       obs=partial_0.7  seed=0 gens=10 | -m experiments.main --run evolutionary --observability partial_0.7 --population 15 --generations 10 --rounds 30 --seeds 1 --output results/exp1_method/partial_0.7_seed0
  -> OK in 516.4s
[4/36] evolutionary       obs=full         seed=0 gens=10 | -m experiments.main --run evolutionary --observability full --population 15 --generations 10 --rounds 30 --seeds 1 --output results/exp1_method/full_seed0
  -> OK in 556.1s
[5/36] evolutionary       obs=private      seed=1 gens=10 | -m experiments.main --run evolutionary --observability private --population 15 --generations 10 --rounds 30 --seeds 1 --output results/exp1_method/private_seed1
  -> OK in 546.7s
[6/36] evolutionary       obs=partial_0.3  seed=1 gens=10 | -m experiments.main --run evolutionary --observability partial_0.3 --population 15 --generations 10 --rounds 30 --seeds 1 --output results/exp1_method/partial_0.3_seed1
  -> OK in 445.0s
[7/36] evolutionary       obs=partial_0.7  seed=1 gens=10 | -m experiments.main --run evolutionary --observability partial_0.7 --population 15 --generations 10 --rounds 30 --seeds 1 --output results/exp1_method/partial_0.7_seed1
  -> OK in 443.9s
[8/36] evolutionary       obs=full         seed=1 gens=10 | -m experiments.main --run evolutionary --observability full --population 15 --generations 10 --rounds 30 --seeds 1 --output results/exp1_method/full_seed1
  -> OK in 438.9s
[9/36] evolutionary       obs=private      seed=2 gens=10 | -m experiments.main --run evolutionary --observability private --population 15 --generations 10 --rounds 30 --seeds 1 --output results/exp1_method/private_seed2
  -> OK in 484.3s
[10/36] evolutionary       obs=partial_0.3  seed=2 gens=10 | -m experiments.main --run evolutionary --observability partial_0.3 --population 15 --generations 10 --rounds 30 --seeds 1 --output results/exp1_method/partial_0.3_seed2
  -> OK in 477.6s
[11/36] evolutionary       obs=partial_0.7  seed=2 gens=10 | -m experiments.main --run evolutionary --observability partial_0.7 --population 15 --generations 10 --rounds 30 --seeds 1 --output results/exp1_method/partial_0.7_seed2
  -> OK in 517.1s
[12/36] evolutionary       obs=full         seed=2 gens=10 | -m experiments.main --run evolutionary --observability full --population 15 --generations 10 --rounds 30 --seeds 1 --output results/exp1_method/full_seed2
  -> OK in 488.2s
[13/36] threshold          obs=private      seed=0 gens=5 | -m experiments.main --run threshold --observability private --population 15 --generations 5 --rounds 30 --seeds 1 --output results/exp2_threshold/private_seed0 --p-values 0.0
  -> OK in 282.8s
[14/36] threshold          obs=partial_0.1  seed=0 gens=5 | -m experiments.main --run threshold --observability partial_0.1 --population 15 --generations 5 --rounds 30 --seeds 1 --output results/exp2_threshold/partial_0.1_seed0 --p-values 0.1
  -> OK in 235.3s
[15/36] threshold          obs=partial_0.3  seed=0 gens=5 | -m experiments.main --run threshold --observability partial_0.3 --population 15 --generations 5 --rounds 30 --seeds 1 --output results/exp2_threshold/partial_0.3_seed0 --p-values 0.3
  -> OK in 272.8s
[16/36] threshold          obs=partial_0.5  seed=0 gens=5 | -m experiments.main --run threshold --observability partial_0.5 --population 15 --generations 5 --rounds 30 --seeds 1 --output results/exp2_threshold/partial_0.5_seed0 --p-values 0.5
  -> OK in 281.2s
[17/36] threshold          obs=partial_0.7  seed=0 gens=5 | -m experiments.main --run threshold --observability partial_0.7 --population 15 --generations 5 --rounds 30 --seeds 1 --output results/exp2_threshold/partial_0.7_seed0 --p-values 0.7
  -> OK in 236.6s
[18/36] threshold          obs=full         seed=0 gens=5 | -m experiments.main --run threshold --observability full --population 15 --generations 5 --rounds 30 --seeds 1 --output results/exp2_threshold/full_seed0 --p-values 1.0
  -> OK in 236.0s
[19/36] threshold          obs=private      seed=1 gens=5 | -m experiments.main --run threshold --observability private --population 15 --generations 5 --rounds 30 --seeds 1 --output results/exp2_threshold/private_seed1 --p-values 0.0
  -> OK in 245.2s
[20/36] threshold          obs=partial_0.1  seed=1 gens=5 | -m experiments.main --run threshold --observability partial_0.1 --population 15 --generations 5 --rounds 30 --seeds 1 --output results/exp2_threshold/partial_0.1_seed1 --p-values 0.1
  -> OK in 237.9s
[21/36] threshold          obs=partial_0.3  seed=1 gens=5 | -m experiments.main --run threshold --observability partial_0.3 --population 15 --generations 5 --rounds 30 --seeds 1 --output results/exp2_threshold/partial_0.3_seed1 --p-values 0.3
  -> OK in 283.7s
[22/36] threshold          obs=partial_0.5  seed=1 gens=5 | -m experiments.main --run threshold --observability partial_0.5 --population 15 --generations 5 --rounds 30 --seeds 1 --output results/exp2_threshold/partial_0.5_seed1 --p-values 0.5
  -> OK in 238.1s
[23/36] threshold          obs=partial_0.7  seed=1 gens=5 | -m experiments.main --run threshold --observability partial_0.7 --population 15 --generations 5 --rounds 30 --seeds 1 --output results/exp2_threshold/partial_0.7_seed1 --p-values 0.7
  -> OK in 249.7s
[24/36] threshold          obs=full         seed=1 gens=5 | -m experiments.main --run threshold --observability full --population 15 --generations 5 --rounds 30 --seeds 1 --output results/exp2_threshold/full_seed1 --p-values 1.0
  -> OK in 242.1s
[25/36] static             obs=private      seed=0 gens=5 | -m experiments.main --run static --observability private --population 15 --generations 5 --rounds 30 --seeds 1 --output results/exp3_static/private_seed0
  -> OK in 21.6s
[26/36] static             obs=partial_0.3  seed=0 gens=5 | -m experiments.main --run static --observability partial_0.3 --population 15 --generations 5 --rounds 30 --seeds 1 --output results/exp3_static/partial_0.3_seed0
  -> OK in 22.5s
[27/36] static             obs=full         seed=0 gens=5 | -m experiments.main --run static --observability full --population 15 --generations 5 --rounds 30 --seeds 1 --output results/exp3_static/full_seed0
  -> OK in 22.7s
[28/36] static             obs=private      seed=1 gens=5 | -m experiments.main --run static --observability private --population 15 --generations 5 --rounds 30 --seeds 1 --output results/exp3_static/private_seed1
  -> OK in 27.6s
[29/36] static             obs=partial_0.3  seed=1 gens=5 | -m experiments.main --run static --observability partial_0.3 --population 15 --generations 5 --rounds 30 --seeds 1 --output results/exp3_static/partial_0.3_seed1
  -> OK in 29.3s
[30/36] static             obs=full         seed=1 gens=5 | -m experiments.main --run static --observability full --population 15 --generations 5 --rounds 30 --seeds 1 --output results/exp3_static/full_seed1
  -> OK in 22.5s
[31/36] random-mutation    obs=private      seed=0 gens=10 | -m experiments.main --run random-mutation --observability private --population 15 --generations 10 --rounds 30 --seeds 1 --output results/exp4_random_mut/private_seed0
  -> OK in 40.1s
[32/36] random-mutation    obs=partial_0.3  seed=0 gens=10 | -m experiments.main --run random-mutation --observability partial_0.3 --population 15 --generations 10 --rounds 30 --seeds 1 --output results/exp4_random_mut/partial_0.3_seed0
  -> OK in 25.5s
[33/36] random-mutation    obs=full         seed=0 gens=10 | -m experiments.main --run random-mutation --observability full --population 15 --generations 10 --rounds 30 --seeds 1 --output results/exp4_random_mut/full_seed0
  -> OK in 19.4s
[34/36] random-mutation    obs=private      seed=1 gens=10 | -m experiments.main --run random-mutation --observability private --population 15 --generations 10 --rounds 30 --seeds 1 --output results/exp4_random_mut/private_seed1
  -> OK in 20.5s
[35/36] random-mutation    obs=partial_0.3  seed=1 gens=10 | -m experiments.main --run random-mutation --observability partial_0.3 --population 15 --generations 10 --rounds 30 --seeds 1 --output results/exp4_random_mut/partial_0.3_seed1
  -> OK in 25.0s
[36/36] random-mutation    obs=full         seed=1 gens=10 | -m experiments.main --run random-mutation --observability full --population 15 --generations 10 --rounds 30 --seeds 1 --output results/exp4_random_mut/full_seed1
  -> OK in 21.1s

ALL DONE in 2.42 h
Successful: 36/36
